============================= test session starts ==============================
platform linux -- Python 3.11.15, pytest-9.0.3, pluggy-1.6.0 -- /usr/local/bin/python3.11
cachedir: .pytest_cache
rootdir: /app
configfile: pytest.ini
collecting ... collected 93 items

tests/test_auth_routes.py::TestAuthRoutes::test_login_returns_200_and_tokens FAILED [  1%]
tests/test_auth_routes.py::TestAuthRoutes::test_login_invalid_credentials_returns_401 FAILED [  2%]
tests/test_auth_routes.py::TestAuthRoutes::test_login_missing_fields_returns_422 PASSED [  3%]
tests/test_auth_routes.py::TestAuthRoutes::test_login_no_body_returns_422 PASSED [  4%]
tests/test_auth_routes.py::TestAuthRoutes::test_logout_returns_200 FAILED [  5%]
tests/test_auth_routes.py::TestAuthRoutes::test_logout_without_token_returns_401 PASSED [  6%]
tests/test_auth_routes.py::TestAuthRoutes::test_refresh_returns_200 FAILED [  7%]
tests/test_auth_routes.py::TestAuthRoutes::test_refresh_with_access_token_returns_401 FAILED [  8%]
tests/test_auth_routes.py::TestAuthRoutes::test_access_protected_route_with_revoked_token FAILED [  9%]
tests/test_auth_service.py::TestAuthService::test_login_user_returns_tokens_and_user FAILED [ 10%]
tests/test_auth_service.py::TestAuthService::test_login_user_invalid_email_returns_none PASSED [ 11%]
tests/test_auth_service.py::TestAuthService::test_login_user_invalid_password_returns_none FAILED [ 12%]
tests/test_auth_service.py::TestAuthService::test_logout_and_is_token_revoked PASSED [ 13%]
tests/test_auth_service.py::TestAuthService::test_logout_twice_returns_false PASSED [ 15%]
tests/test_auth_service.py::TestAuthService::test_refresh_access_token PASSED [ 16%]
tests/test_auth_service.py::TestAuthService::test_is_token_revoked_returns_false_for_unknown PASSED [ 17%]
tests/test_create_admin.py::test_setup_admin_creates_user FAILED         [ 18%]
tests/test_create_admin.py::test_setup_admin_handles_existing_user PASSED [ 19%]
tests/test_stories_routes.py::TestStoriesRoutes::test_create_story_returns_201_and_story_json PASSED [ 20%]
tests/test_stories_routes.py::TestStoriesRoutes::test_create_story_missing_fields_returns_422 PASSED [ 21%]
tests/test_stories_routes.py::TestStoriesRoutes::test_create_story_no_body_returns_422 PASSED [ 22%]
tests/test_stories_routes.py::TestStoriesRoutes::test_create_story_invalid_user_id_type_returns_422 PASSED [ 23%]
tests/test_stories_routes.py::TestStoriesRoutes::test_create_story_empty_title_returns_422 PASSED [ 24%]
tests/test_stories_routes.py::TestStoriesRoutes::test_create_story_extra_fields_are_ignored PASSED [ 25%]
tests/test_stories_routes.py::TestStoriesRoutes::test_get_all_stories_returns_200_and_list PASSED [ 26%]
tests/test_stories_routes.py::TestStoriesRoutes::test_get_all_stories_returns_created_stories PASSED [ 27%]
tests/test_stories_routes.py::TestStoriesRoutes::test_get_story_by_id_returns_200_and_story PASSED [ 29%]
tests/test_stories_routes.py::TestStoriesRoutes::test_get_story_by_id_non_existent_returns_404 PASSED [ 30%]
tests/test_stories_routes.py::TestStoriesRoutes::test_update_story_returns_200_and_updated_story PASSED [ 31%]
tests/test_stories_routes.py::TestStoriesRoutes::test_update_story_non_existent_returns_404 PASSED [ 32%]
tests/test_stories_routes.py::TestStoriesRoutes::test_update_story_no_body_returns_422 PASSED [ 33%]
tests/test_stories_routes.py::TestStoriesRoutes::test_update_story_empty_body_returns_200 PASSED [ 34%]
tests/test_stories_routes.py::TestStoriesRoutes::test_update_story_invalid_field_type_returns_422 PASSED [ 35%]
tests/test_stories_routes.py::TestStoriesRoutes::test_update_story_empty_title_returns_422 PASSED [ 36%]
tests/test_stories_routes.py::TestStoriesRoutes::test_delete_story_returns_200_and_message PASSED [ 37%]
tests/test_stories_routes.py::TestStoriesRoutes::test_delete_story_actually_removes_it PASSED [ 38%]
tests/test_stories_routes.py::TestStoriesRoutes::test_delete_story_non_existent_returns_404 PASSED [ 39%]
tests/test_stories_routes.py::TestStoriesRoutes::test_get_stories_filter_by_origin_country PASSED [ 40%]
tests/test_stories_routes.py::TestStoriesRoutes::test_get_stories_filter_by_profession PASSED [ 41%]
tests/test_stories_routes.py::TestStoriesRoutes::test_get_stories_filter_by_age_range PASSED [ 43%]
tests/test_stories_routes.py::TestStoriesRoutes::test_get_stories_filter_by_multiple_params PASSED [ 44%]
tests/test_stories_routes.py::TestStoriesRoutes::test_get_stories_filter_no_matches_returns_empty_list PASSED [ 45%]
tests/test_stories_routes.py::TestStoriesRoutes::test_get_stories_no_filters_returns_all PASSED [ 46%]
tests/test_stories_routes.py::TestStoriesRoutes::test_get_stories_invalid_filter_param_is_ignored PASSED [ 47%]
tests/test_stories_service.py::TestStoriesService::test_create_story_returns_dict_with_all_fields PASSED [ 48%]
tests/test_stories_service.py::TestStoriesService::test_get_all_stories_returns_empty_list PASSED [ 49%]
tests/test_stories_service.py::TestStoriesService::test_get_all_stories_returns_all_created_stories PASSED [ 50%]
tests/test_stories_service.py::TestStoriesService::test_get_story_by_id_returns_none_for_non_existent PASSED [ 51%]
tests/test_stories_service.py::TestStoriesService::test_get_story_by_id_returns_matching_story PASSED [ 52%]
tests/test_stories_service.py::TestStoriesService::test_get_stories_filtered_no_filters_returns_all PASSED [ 53%]
tests/test_stories_service.py::TestStoriesService::test_get_stories_filtered_by_origin_country PASSED [ 54%]
tests/test_stories_service.py::TestStoriesService::test_get_stories_filtered_by_multiple_criteria PASSED [ 55%]
tests/test_stories_service.py::TestStoriesService::test_get_stories_filtered_no_matches PASSED [ 56%]
tests/test_stories_service.py::TestStoriesService::test_update_story_returns_none_for_non_existent PASSED [ 58%]
tests/test_stories_service.py::TestStoriesService::test_update_story_updates_only_provided_fields PASSED [ 59%]
tests/test_stories_service.py::TestStoriesService::test_delete_story_returns_false_for_non_existent PASSED [ 60%]
tests/test_stories_service.py::TestStoriesService::test_delete_story_removes_story_from_database PASSED [ 61%]
tests/test_story_images.py::TestStoryImagesRoutes::test_upload_image_returns_201 PASSED [ 62%]
tests/test_story_images.py::TestStoryImagesRoutes::test_upload_image_no_file_returns_400 PASSED [ 63%]
tests/test_story_images.py::TestStoryImagesRoutes::test_upload_image_empty_filename_returns_400 PASSED [ 64%]
tests/test_story_images.py::TestStoryImagesRoutes::test_upload_image_invalid_extension_returns_400 PASSED [ 65%]
tests/test_story_images.py::TestStoryImagesRoutes::test_upload_image_nonexistent_story_returns_404 PASSED [ 66%]
tests/test_story_images.py::TestStoryImagesRoutes::test_get_story_images_returns_list PASSED [ 67%]
tests/test_story_images.py::TestStoryImagesRoutes::test_delete_image_returns_200 PASSED [ 68%]
tests/test_story_images.py::TestStoryImagesRoutes::test_delete_nonexistent_image_returns_404 PASSED [ 69%]
tests/test_story_images.py::TestStoryImagesRoutes::test_images_appear_in_story_detail PASSED [ 70%]
tests/test_story_images.py::TestStoryImagesRoutes::test_images_appear_in_story_list PASSED [ 72%]
tests/test_users_routes.py::TestUsersRoutes::test_create_user_returns_201 FAILED [ 73%]
tests/test_users_routes.py::TestUsersRoutes::test_create_user_with_role_returns_201 FAILED [ 74%]
tests/test_users_routes.py::TestUsersRoutes::test_create_user_missing_fields_raises_error FAILED [ 75%]
tests/test_users_routes.py::TestUsersRoutes::test_create_user_no_body_raises_error PASSED [ 76%]
tests/test_users_routes.py::TestUsersRoutes::test_get_all_users_returns_200_and_list PASSED [ 77%]
tests/test_users_routes.py::TestUsersRoutes::test_get_all_users_returns_created_users FAILED [ 78%]
tests/test_users_routes.py::TestUsersRoutes::test_get_user_by_id_returns_200 FAILED [ 79%]
tests/test_users_routes.py::TestUsersRoutes::test_get_user_by_id_non_existent_returns_404 PASSED [ 80%]
tests/test_users_routes.py::TestUsersRoutes::test_update_user_returns_200_and_updated_user FAILED [ 81%]
tests/test_users_routes.py::TestUsersRoutes::test_update_user_non_existent_returns_404 PASSED [ 82%]
tests/test_users_routes.py::TestUsersRoutes::test_update_user_preserves_unmodified_fields FAILED [ 83%]
tests/test_users_routes.py::TestUsersRoutes::test_delete_user_returns_200 FAILED [ 84%]
tests/test_users_routes.py::TestUsersRoutes::test_delete_user_actually_removes_it FAILED [ 86%]
tests/test_users_routes.py::TestUsersRoutes::test_delete_user_non_existent_returns_404 PASSED [ 87%]
tests/test_users_service.py::TestUsersService::test_create_user_returns_dict_with_all_fields FAILED [ 88%]
tests/test_users_service.py::TestUsersService::test_create_user_default_role_is_customer FAILED [ 89%]
tests/test_users_service.py::TestUsersService::test_create_user_with_custom_role FAILED [ 90%]
tests/test_users_service.py::TestUsersService::test_get_all_users_returns_empty_list PASSED [ 91%]
tests/test_users_service.py::TestUsersService::test_get_all_users_returns_all_created_users FAILED [ 92%]
tests/test_users_service.py::TestUsersService::test_get_user_by_id_returns_none_for_non_existent PASSED [ 93%]
tests/test_users_service.py::TestUsersService::test_get_user_by_id_returns_matching_user FAILED [ 94%]
tests/test_users_service.py::TestUsersService::test_update_user_returns_none_for_non_existent PASSED [ 95%]
tests/test_users_service.py::TestUsersService::test_update_user_updates_only_provided_fields FAILED [ 96%]
tests/test_users_service.py::TestUsersService::test_update_user_updates_all_provided_fields FAILED [ 97%]
tests/test_users_service.py::TestUsersService::test_delete_user_returns_false_for_non_existent PASSED [ 98%]
tests/test_users_service.py::TestUsersService::test_delete_user_removes_user_from_database FAILED [100%]

=================================== FAILURES ===================================
_______________ TestAuthRoutes.test_login_returns_200_and_tokens _______________
tests/test_auth_routes.py:17: in test_login_returns_200_and_tokens
    create_user(USER_DATA)
app/features/users/services/users_service.py:12: in create_user
    raise ValueError("Solo se permiten correos con dominio @estudioenpenascal.com")
E   ValueError: Solo se permiten correos con dominio @estudioenpenascal.com
__________ TestAuthRoutes.test_login_invalid_credentials_returns_401 ___________
tests/test_auth_routes.py:30: in test_login_invalid_credentials_returns_401
    create_user(USER_DATA)
app/features/users/services/users_service.py:12: in create_user
    raise ValueError("Solo se permiten correos con dominio @estudioenpenascal.com")
E   ValueError: Solo se permiten correos con dominio @estudioenpenascal.com
____________________ TestAuthRoutes.test_logout_returns_200 ____________________
tests/test_auth_routes.py:48: in test_logout_returns_200
    create_user(USER_DATA)
app/features/users/services/users_service.py:12: in create_user
    raise ValueError("Solo se permiten correos con dominio @estudioenpenascal.com")
E   ValueError: Solo se permiten correos con dominio @estudioenpenascal.com
___________________ TestAuthRoutes.test_refresh_returns_200 ____________________
tests/test_auth_routes.py:64: in test_refresh_returns_200
    create_user(USER_DATA)
app/features/users/services/users_service.py:12: in create_user
    raise ValueError("Solo se permiten correos con dominio @estudioenpenascal.com")
E   ValueError: Solo se permiten correos con dominio @estudioenpenascal.com
__________ TestAuthRoutes.test_refresh_with_access_token_returns_401 ___________
tests/test_auth_routes.py:77: in test_refresh_with_access_token_returns_401
    create_user(USER_DATA)
app/features/users/services/users_service.py:12: in create_user
    raise ValueError("Solo se permiten correos con dominio @estudioenpenascal.com")
E   ValueError: Solo se permiten correos con dominio @estudioenpenascal.com
________ TestAuthRoutes.test_access_protected_route_with_revoked_token _________
tests/test_auth_routes.py:88: in test_access_protected_route_with_revoked_token
    create_user(USER_DATA)
app/features/users/services/users_service.py:12: in create_user
    raise ValueError("Solo se permiten correos con dominio @estudioenpenascal.com")
E   ValueError: Solo se permiten correos con dominio @estudioenpenascal.com
___________ TestAuthService.test_login_user_returns_tokens_and_user ____________
tests/test_auth_service.py:17: in test_login_user_returns_tokens_and_user
    create_user(USER_DATA)
app/features/users/services/users_service.py:12: in create_user
    raise ValueError("Solo se permiten correos con dominio @estudioenpenascal.com")
E   ValueError: Solo se permiten correos con dominio @estudioenpenascal.com
________ TestAuthService.test_login_user_invalid_password_returns_none _________
tests/test_auth_service.py:30: in test_login_user_invalid_password_returns_none
    create_user(USER_DATA)
app/features/users/services/users_service.py:12: in create_user
    raise ValueError("Solo se permiten correos con dominio @estudioenpenascal.com")
E   ValueError: Solo se permiten correos con dominio @estudioenpenascal.com
________________________ test_setup_admin_creates_user _________________________
tests/test_create_admin.py:19: in test_setup_admin_creates_user
    assert admin_user is not None, "El usuario admin no fue creado"
E   AssertionError: El usuario admin no fue creado
E   assert None is not None
----------------------------- Captured stdout call -----------------------------
Intentando crear el usuario administrador...
✅ Usuario administrador creado con éxito: admin@estudioenpenascal.com
_________________ TestUsersRoutes.test_create_user_returns_201 _________________
tests/test_users_routes.py:13: in test_create_user_returns_201
    assert response.status_code == 201
E   assert 400 == 201
E    +  where 400 = <WrapperTestResponse streamed [400 BAD REQUEST]>.status_code
____________ TestUsersRoutes.test_create_user_with_role_returns_201 ____________
tests/test_users_routes.py:28: in test_create_user_with_role_returns_201
    assert response.status_code == 201
E   assert 400 == 201
E    +  where 400 = <WrapperTestResponse streamed [400 BAD REQUEST]>.status_code
_________ TestUsersRoutes.test_create_user_missing_fields_raises_error _________
tests/test_users_routes.py:34: in test_create_user_missing_fields_raises_error
    assert response.status_code == 500
E   assert 400 == 500
E    +  where 400 = <WrapperTestResponse streamed [400 BAD REQUEST]>.status_code
___________ TestUsersRoutes.test_get_all_users_returns_created_users ___________
tests/test_users_routes.py:51: in test_get_all_users_returns_created_users
    assert len(response.get_json()) == 2
E   assert 0 == 2
E    +  where 0 = len([])
E    +    where [] = get_json()
E    +      where get_json = <WrapperTestResponse 3 bytes [200 OK]>.get_json
_______________ TestUsersRoutes.test_get_user_by_id_returns_200 ________________
tests/test_users_routes.py:56: in test_get_user_by_id_returns_200
    user_id = post_resp.get_json()['id']
              ^^^^^^^^^^^^^^^^^^^^^^^^^^
E   KeyError: 'id'
________ TestUsersRoutes.test_update_user_returns_200_and_updated_user _________
tests/test_users_routes.py:70: in test_update_user_returns_200_and_updated_user
    user_id = post_resp.get_json()['id']
              ^^^^^^^^^^^^^^^^^^^^^^^^^^
E   KeyError: 'id'
_________ TestUsersRoutes.test_update_user_preserves_unmodified_fields _________
tests/test_users_routes.py:83: in test_update_user_preserves_unmodified_fields
    user_id = post_resp.get_json()['id']
              ^^^^^^^^^^^^^^^^^^^^^^^^^^
E   KeyError: 'id'
_________________ TestUsersRoutes.test_delete_user_returns_200 _________________
tests/test_users_routes.py:92: in test_delete_user_returns_200
    user_id = post_resp.get_json()['id']
              ^^^^^^^^^^^^^^^^^^^^^^^^^^
E   KeyError: 'id'
_____________ TestUsersRoutes.test_delete_user_actually_removes_it _____________
tests/test_users_routes.py:100: in test_delete_user_actually_removes_it
    user_id = post_resp.get_json()['id']
              ^^^^^^^^^^^^^^^^^^^^^^^^^^
E   KeyError: 'id'
________ TestUsersService.test_create_user_returns_dict_with_all_fields ________
tests/test_users_service.py:18: in test_create_user_returns_dict_with_all_fields
    result = create_user(VALID_DATA)
             ^^^^^^^^^^^^^^^^^^^^^^^
app/features/users/services/users_service.py:12: in create_user
    raise ValueError("Solo se permiten correos con dominio @estudioenpenascal.com")
E   ValueError: Solo se permiten correos con dominio @estudioenpenascal.com
__________ TestUsersService.test_create_user_default_role_is_customer __________
tests/test_users_service.py:25: in test_create_user_default_role_is_customer
    result = create_user(VALID_DATA)
             ^^^^^^^^^^^^^^^^^^^^^^^
app/features/users/services/users_service.py:12: in create_user
    raise ValueError("Solo se permiten correos con dominio @estudioenpenascal.com")
E   ValueError: Solo se permiten correos con dominio @estudioenpenascal.com
______________ TestUsersService.test_create_user_with_custom_role ______________
tests/test_users_service.py:30: in test_create_user_with_custom_role
    result = create_user(data)
             ^^^^^^^^^^^^^^^^^
app/features/users/services/users_service.py:12: in create_user
    raise ValueError("Solo se permiten correos con dominio @estudioenpenascal.com")
E   ValueError: Solo se permiten correos con dominio @estudioenpenascal.com
________ TestUsersService.test_get_all_users_returns_all_created_users _________
tests/test_users_service.py:37: in test_get_all_users_returns_all_created_users
    create_user(VALID_DATA)
app/features/users/services/users_service.py:12: in create_user
    raise ValueError("Solo se permiten correos con dominio @estudioenpenascal.com")
E   ValueError: Solo se permiten correos con dominio @estudioenpenascal.com
__________ TestUsersService.test_get_user_by_id_returns_matching_user __________
tests/test_users_service.py:46: in test_get_user_by_id_returns_matching_user
    created = create_user(VALID_DATA)
              ^^^^^^^^^^^^^^^^^^^^^^^
app/features/users/services/users_service.py:12: in create_user
    raise ValueError("Solo se permiten correos con dominio @estudioenpenascal.com")
E   ValueError: Solo se permiten correos con dominio @estudioenpenascal.com
________ TestUsersService.test_update_user_updates_only_provided_fields ________
tests/test_users_service.py:55: in test_update_user_updates_only_provided_fields
    created = create_user(VALID_DATA)
              ^^^^^^^^^^^^^^^^^^^^^^^
app/features/users/services/users_service.py:12: in create_user
    raise ValueError("Solo se permiten correos con dominio @estudioenpenascal.com")
E   ValueError: Solo se permiten correos con dominio @estudioenpenascal.com
________ TestUsersService.test_update_user_updates_all_provided_fields _________
tests/test_users_service.py:61: in test_update_user_updates_all_provided_fields
    created = create_user(VALID_DATA)
              ^^^^^^^^^^^^^^^^^^^^^^^
app/features/users/services/users_service.py:12: in create_user
    raise ValueError("Solo se permiten correos con dominio @estudioenpenascal.com")
E   ValueError: Solo se permiten correos con dominio @estudioenpenascal.com
_________ TestUsersService.test_delete_user_removes_user_from_database _________
tests/test_users_service.py:75: in test_delete_user_removes_user_from_database
    created = create_user(VALID_DATA)
              ^^^^^^^^^^^^^^^^^^^^^^^
app/features/users/services/users_service.py:12: in create_user
    raise ValueError("Solo se permiten correos con dominio @estudioenpenascal.com")
E   ValueError: Solo se permiten correos con dominio @estudioenpenascal.com
=============================== warnings summary ===============================
tests/test_auth_service.py::TestAuthService::test_refresh_access_token
  /usr/local/lib/python3.11/site-packages/jwt/api_jwt.py:147: InsecureKeyLengthWarning: The HMAC key is 19 bytes long, which is below the minimum recommended length of 32 bytes for SHA256. See RFC 7518 Section 3.2.
    return self._jws.encode(

tests/test_stories_routes.py::TestStoriesRoutes::test_get_story_by_id_returns_200_and_story
tests/test_stories_routes.py::TestStoriesRoutes::test_get_story_by_id_non_existent_returns_404
tests/test_stories_routes.py::TestStoriesRoutes::test_delete_story_actually_removes_it
tests/test_stories_service.py::TestStoriesService::test_get_story_by_id_returns_none_for_non_existent
tests/test_stories_service.py::TestStoriesService::test_get_story_by_id_returns_matching_story
tests/test_stories_service.py::TestStoriesService::test_delete_story_removes_story_from_database
tests/test_story_images.py::TestStoryImagesRoutes::test_images_appear_in_story_detail
  /app/app/features/stories/services/stories_service.py:76: LegacyAPIWarning: The Query.get() method is considered legacy as of the 1.x series of SQLAlchemy and becomes a legacy construct in 2.0. The method is now available as Session.get() (deprecated since: 2.0) (Background on SQLAlchemy 2.0 at: https://sqlalche.me/e/b8d9)
    story = Story.query.get(story_id)

tests/test_stories_routes.py::TestStoriesRoutes::test_update_story_returns_200_and_updated_story
tests/test_stories_routes.py::TestStoriesRoutes::test_update_story_non_existent_returns_404
tests/test_stories_routes.py::TestStoriesRoutes::test_update_story_empty_body_returns_200
tests/test_stories_service.py::TestStoriesService::test_update_story_returns_none_for_non_existent
tests/test_stories_service.py::TestStoriesService::test_update_story_updates_only_provided_fields
  /app/app/features/stories/services/stories_service.py:92: LegacyAPIWarning: The Query.get() method is considered legacy as of the 1.x series of SQLAlchemy and becomes a legacy construct in 2.0. The method is now available as Session.get() (deprecated since: 2.0) (Background on SQLAlchemy 2.0 at: https://sqlalche.me/e/b8d9)
    story = Story.query.get(story_id)

tests/test_stories_routes.py::TestStoriesRoutes::test_delete_story_returns_200_and_message
tests/test_stories_routes.py::TestStoriesRoutes::test_delete_story_actually_removes_it
tests/test_stories_routes.py::TestStoriesRoutes::test_delete_story_non_existent_returns_404
tests/test_stories_service.py::TestStoriesService::test_delete_story_returns_false_for_non_existent
tests/test_stories_service.py::TestStoriesService::test_delete_story_removes_story_from_database
  /app/app/features/stories/services/stories_service.py:116: LegacyAPIWarning: The Query.get() method is considered legacy as of the 1.x series of SQLAlchemy and becomes a legacy construct in 2.0. The method is now available as Session.get() (deprecated since: 2.0) (Background on SQLAlchemy 2.0 at: https://sqlalche.me/e/b8d9)
    story = Story.query.get(story_id)

tests/test_story_images.py::TestStoryImagesRoutes::test_upload_image_returns_201
tests/test_story_images.py::TestStoryImagesRoutes::test_upload_image_nonexistent_story_returns_404
tests/test_story_images.py::TestStoryImagesRoutes::test_get_story_images_returns_list
tests/test_story_images.py::TestStoryImagesRoutes::test_delete_image_returns_200
tests/test_story_images.py::TestStoryImagesRoutes::test_images_appear_in_story_detail
tests/test_story_images.py::TestStoryImagesRoutes::test_images_appear_in_story_list
  /app/app/features/stories/services/story_image_service.py:8: LegacyAPIWarning: The Query.get() method is considered legacy as of the 1.x series of SQLAlchemy and becomes a legacy construct in 2.0. The method is now available as Session.get() (deprecated since: 2.0) (Background on SQLAlchemy 2.0 at: https://sqlalche.me/e/b8d9)
    story = Story.query.get(story_id)

tests/test_users_routes.py::TestUsersRoutes::test_get_user_by_id_non_existent_returns_404
tests/test_users_service.py::TestUsersService::test_get_user_by_id_returns_none_for_non_existent
  /app/app/features/users/services/users_service.py:59: LegacyAPIWarning: The Query.get() method is considered legacy as of the 1.x series of SQLAlchemy and becomes a legacy construct in 2.0. The method is now available as Session.get() (deprecated since: 2.0) (Background on SQLAlchemy 2.0 at: https://sqlalche.me/e/b8d9)
    user = User.query.get(user_id)

tests/test_users_routes.py::TestUsersRoutes::test_update_user_non_existent_returns_404
tests/test_users_service.py::TestUsersService::test_update_user_returns_none_for_non_existent
  /app/app/features/users/services/users_service.py:31: LegacyAPIWarning: The Query.get() method is considered legacy as of the 1.x series of SQLAlchemy and becomes a legacy construct in 2.0. The method is now available as Session.get() (deprecated since: 2.0) (Background on SQLAlchemy 2.0 at: https://sqlalche.me/e/b8d9)
    user = User.query.get(user_id)

tests/test_users_routes.py::TestUsersRoutes::test_delete_user_non_existent_returns_404
tests/test_users_service.py::TestUsersService::test_delete_user_returns_false_for_non_existent
  /app/app/features/users/services/users_service.py:45: LegacyAPIWarning: The Query.get() method is considered legacy as of the 1.x series of SQLAlchemy and becomes a legacy construct in 2.0. The method is now available as Session.get() (deprecated since: 2.0) (Background on SQLAlchemy 2.0 at: https://sqlalche.me/e/b8d9)
    user = User.query.get(user_id)

-- Docs: https://docs.pytest.org/en/stable/how-to/capture-warnings.html
=========================== short test summary info ============================
FAILED tests/test_auth_routes.py::TestAuthRoutes::test_login_returns_200_and_tokens
FAILED tests/test_auth_routes.py::TestAuthRoutes::test_login_invalid_credentials_returns_401
FAILED tests/test_auth_routes.py::TestAuthRoutes::test_logout_returns_200 - V...
FAILED tests/test_auth_routes.py::TestAuthRoutes::test_refresh_returns_200 - ...
FAILED tests/test_auth_routes.py::TestAuthRoutes::test_refresh_with_access_token_returns_401
FAILED tests/test_auth_routes.py::TestAuthRoutes::test_access_protected_route_with_revoked_token
FAILED tests/test_auth_service.py::TestAuthService::test_login_user_returns_tokens_and_user
FAILED tests/test_auth_service.py::TestAuthService::test_login_user_invalid_password_returns_none
FAILED tests/test_create_admin.py::test_setup_admin_creates_user - AssertionE...
FAILED tests/test_users_routes.py::TestUsersRoutes::test_create_user_returns_201
FAILED tests/test_users_routes.py::TestUsersRoutes::test_create_user_with_role_returns_201
FAILED tests/test_users_routes.py::TestUsersRoutes::test_create_user_missing_fields_raises_error
FAILED tests/test_users_routes.py::TestUsersRoutes::test_get_all_users_returns_created_users
FAILED tests/test_users_routes.py::TestUsersRoutes::test_get_user_by_id_returns_200
FAILED tests/test_users_routes.py::TestUsersRoutes::test_update_user_returns_200_and_updated_user
FAILED tests/test_users_routes.py::TestUsersRoutes::test_update_user_preserves_unmodified_fields
FAILED tests/test_users_routes.py::TestUsersRoutes::test_delete_user_returns_200
FAILED tests/test_users_routes.py::TestUsersRoutes::test_delete_user_actually_removes_it
FAILED tests/test_users_service.py::TestUsersService::test_create_user_returns_dict_with_all_fields
FAILED tests/test_users_service.py::TestUsersService::test_create_user_default_role_is_customer
FAILED tests/test_users_service.py::TestUsersService::test_create_user_with_custom_role
FAILED tests/test_users_service.py::TestUsersService::test_get_all_users_returns_all_created_users
FAILED tests/test_users_service.py::TestUsersService::test_get_user_by_id_returns_matching_user
FAILED tests/test_users_service.py::TestUsersService::test_update_user_updates_only_provided_fields
FAILED tests/test_users_service.py::TestUsersService::test_update_user_updates_all_provided_fields
FAILED tests/test_users_service.py::TestUsersService::test_delete_user_removes_user_from_database
================== 26 failed, 67 passed, 30 warnings in 4.07s ==================
